EVAL CHECK 

No refactoring if not absolutely necessary! Go through checklist first.


COMPILER WARNINGS


ENV: 
	it now prints the full line from env,
	it should only print the variable, not the label:
	
	minishell> echo "hello $USER, this is your home: $HOME"
	output: hello USER=zhedlund, this is your home: HOME=/home/zhedlund
	expected: hello zhedlund, this is your home: /home/zhedlund
	

CTRL+C:

- ctrl-C in a prompt after you wrote some stuff should display a new line
								with a new prompt.
EXIT code should be 130, now it's 0

minishell> echo hey^C
minishell> echo $?
0

zhedlund@c4b10c2:~$ echo hey^C
zhedlund@c4b10c2:~$ echo $?
130

- Try ctrl-C after running a blocking command like cat  without arguments or grep “something“:
	
	
minishell> cat
^C
minishell> echo $?
0                        <<< wrong, should be 130
minishell> grep "hey"
^C
minishell> echo $?
127                     <<< wrong, should be 130
minishell> 	

Bash:			

zhedlund@c4b10c2:~$ cat
^C
zhedlund@c4b10c2:~$ echo $?
130
zhedlund@c4b10c2:~$ grep "hey"
^C
zhedlund@c4b10c2:~$ echo $?
130

CTRL-\:

- Try ctrl-\ after running a blocking command like cat without arguments or grep “something“:

minishell> cat
^\Quit (core dumped)
minishell> echo $?
131            // FIXED exit code
minishell> grep "hey"
^\minishell>          <<< wrong, should be ^\Quit (core dumped) on new line
131          // FIXED exit code
minishell>

Bash:

zhedlund@c4b10c2:~$ grep "hey"
^\Quit (core dumped)
zhedlund@c4b10c2:~$ echo $?
131
zhedlund@c4b10c2:~$ cat
^\Quit (core dumped)
zhedlund@c4b10c2:~$ echo $?


EXPORT: doesn't work

c4b10c2% ./minishell
minishell> export this=that
made it to export
check[0]== this=that
check[1]== (null)
here!!
free(): invalid pointer
zsh: IOT instruction (core dumped)  ./minishell
c4b10c2% ./minishell
minishell> export "this=that"
made it to export
check[0]== this=that
check[1]== (null)
here!!
free(): invalid pointer
zsh: IOT instruction (core dumped)  ./minishell
minishell> export MAIL=zhedlund@student.42berlin.de
made it to export
check[0]== MAIL=zhedlund@student.42berlin.de
check[1]== (null)
here!!
free(): invalid pointer
zsh: IOT instruction (core dumped)  ./minishell

CD: doesn't work

minishell> cd utils/
free(): invalid pointer
zsh: IOT instruction (core dumped)  ./minishell

